Build type: linux-g++ (x86_64, CPU features: mmx sse sse2)
Compiler: gcc 8.3.0
Configuration: use_gold_linker sse2 aesni sse3 ssse3 sse4_1 sse4_2 avx avx2 avx512f avx512bw avx512cd avx512dq avx512er avx512ifma avx512pf avx512vbmi avx512vl ccache compile_examples enable_new_dtags f16c largefile precompile_header rdrnd shani x86SimdAlways shared shared rpath release c++11 c++14 c++17 c++1z concurrent dbus reduce_exports reduce_relocations stl
Build options:
  Mode ................................... release
  Optimize release build for size ........ no
  Building shared libraries .............. yes
  Using C standard ....................... C11
  Using C++ standard ..................... C++17
  Using ccache ........................... yes
  Linker ................................. gold
  Using new DTAGS ........................ yes
  Relocatable ............................ yes
  Using precompiled headers .............. yes
  Using LTCG ............................. no
  Target compiler supports:
    SSE .................................. SSE2 SSE3 SSSE3 SSE4.1 SSE4.2
    AVX .................................. AVX AVX2
    AVX512 ............................... F ER CD PF DQ BW VL IFMA VBMI
    Other x86 ............................ AES F16C RDRAND SHA
    Intrinsics without -mXXX option ...... yes
  Build parts ............................ libs examples tools
Qt modules and options:
  Qt Concurrent .......................... yes
  Qt D-Bus ............................... yes
  Qt D-Bus directly linked to libdbus .... yes
  Qt Gui ................................. yes
  Qt Network ............................. yes
  Qt Sql ................................. yes
  Qt Testlib ............................. yes
  Qt Widgets ............................. yes
  Qt Xml ................................. yes
Support enabled for:
  Using pkg-config ....................... yes
  udev ................................... yes
  Using system zlib ...................... yes
  Zstandard support ...................... no
Qt Core:
  DoubleConversion ....................... yes
    Using system DoubleConversion ........ no
  GLib ................................... yes
  iconv .................................. no
  ICU .................................... yes
  Built-in copy of the MIME database ..... yes
  Tracing backend ........................ <none>
  Logging backends:
    journald ............................. no
    syslog ............................... no
    slog2 ................................ no
  PCRE2 .................................. yes
    Using system PCRE2 ................... yes
Qt Network:
  getifaddrs() ........................... yes
  IPv6 ifname ............................ yes
  libproxy ............................... no
  Linux AF_NETLINK ....................... yes
  OpenSSL ................................ yes
    Qt directly linked to OpenSSL ........ no
  OpenSSL 1.1 ............................ yes
  DTLS ................................... yes
  OCSP-stapling .......................... yes
  SCTP ................................... no
  Use system proxies ..................... yes
  GSSAPI ................................. no
Qt Gui:
  Accessibility .......................... yes
  FreeType ............................... yes
    Using system FreeType ................ yes
  HarfBuzz ............................... yes
    Using system HarfBuzz ................ yes
  Fontconfig ............................. yes
  Image formats:
    GIF .................................. yes
    ICO .................................. yes
    JPEG ................................. yes
      Using system libjpeg ............... yes
    PNG .................................. yes
      Using system libpng ................ yes
  Text formats:
    HtmlParser ........................... yes
    CssParser ............................ yes
    OdfWriter ............................ yes
    MarkdownReader ....................... yes
      Using system libmd4c ............... no
    MarkdownWriter ....................... yes
  EGL .................................... yes
  OpenVG ................................. no
  OpenGL:
    Desktop OpenGL ....................... no
    OpenGL ES 2.0 ........................ yes
    OpenGL ES 3.0 ........................ yes
    OpenGL ES 3.1 ........................ yes
    OpenGL ES 3.2 ........................ yes
  Vulkan ................................. no
  Session Management ..................... yes
Features used by QPA backends:
  evdev .................................. yes
  libinput ............................... yes
  INTEGRITY HID .......................... no
  mtdev .................................. yes
  tslib .................................. no
  xkbcommon .............................. yes
  X11 specific:
    XLib ................................. yes
    XCB Xlib ............................. yes
    EGL on X11 ........................... yes
    xkbcommon-x11 ........................ yes
QPA backends:
  DirectFB ............................... no
  EGLFS .................................. yes
  EGLFS details:
    EGLFS OpenWFD ........................ no
    EGLFS i.Mx6 .......................... no
    EGLFS i.Mx6 Wayland .................. no
    EGLFS RCAR ........................... no
    EGLFS EGLDevice ...................... yes
    EGLFS GBM ............................ yes
    EGLFS VSP2 ........................... no
    EGLFS Mali ........................... no
    EGLFS Raspberry Pi ................... no
    EGLFS X11 ............................ yes
  LinuxFB ................................ yes
  VNC .................................... yes
  XCB:
    Using system-provided xcb-xinput ..... no
    Native painting (experimental) ....... no
    GL integrations:
      GLX Plugin ......................... no
      EGL-X11 Plugin ..................... yes
Qt Sql:
  SQL item models ........................ yes
Qt Widgets:
  GTK+ ................................... yes
  Styles ................................. Fusion Windows
Qt PrintSupport:
  CUPS ................................... yes
Qt Sql Drivers:
  DB2 (IBM) .............................. no
  InterBase .............................. no
  MySql .................................. yes
  OCI (Oracle) ........................... no
  ODBC ................................... no
  PostgreSQL ............................. yes
  SQLite2 ................................ no
  SQLite ................................. yes
    Using system provided SQLite ......... no
  TDS (Sybase) ........................... no
Qt Testlib:
  Tester for item models ................. yes
Serial Port:
  ntddmodm ............................... no
Qt QML:
  QML network support .................... yes
  QML debugging and profiling support .... yes
  QML just-in-time compiler .............. yes
  QML sequence object .................... yes
  QML XML http request ................... yes
  QML Locale ............................. yes
Qt QML Models:
  QML list model ......................... yes
  QML delegate model ..................... yes
Qt Quick:
  Direct3D 12 ............................ no
  AnimatedImage item ..................... yes
  Canvas item ............................ yes
  Support for Qt Quick Designer .......... yes
  Flipable item .......................... yes
  GridView item .......................... yes
  ListView item .......................... yes
  TableView item ......................... yes
  Path support ........................... yes
  PathView item .......................... yes
  Positioner items ....................... yes
  Repeater item .......................... yes
  ShaderEffect item ...................... yes
  Sprite item ............................ yes
Qt Scxml:
  ECMAScript data model for QtScxml ...... yes
Qt Wayland Drivers:
  EGL .................................... yes
  Raspberry Pi ........................... no
  XComposite EGL ......................... yes
  XComposite GLX ......................... no
  DRM EGL ................................ yes
  libhybris EGL .......................... no
  Linux dma-buf server buffer integration . yes
  Vulkan-based server buffer integration . no
  Shm emulation server buffer integration . yes
Qt Wayland Client Shell Integrations:
  xdg-shell .............................. yes
  xdg-shell unstable v5 (deprecated) ..... yes
  xdg-shell unstable v6 .................. yes
  ivi-shell .............................. yes
  wl-shell (deprecated) .................. yes
Qt Wayland Client ........................ yes
Qt Wayland Compositor .................... yes
Qt Wayland Compositor Layer Plugins:
  VSP2 hardware layer integration ........ no
Qt Sensors:
  sensorfw ............................... no
Qt Quick Controls 2:
  Styles ................................. Default Fusion Imagine Material Universal
Qt Quick Templates 2:
  Hover support .......................... yes
  Multi-touch support .................... yes
Qt Positioning:
  Gypsy GPS Daemon ....................... no
  WinRT Geolocation API .................. no
Qt Location:
  Qt.labs.location experimental QML plugin . yes
  Geoservice plugins:
    OpenStreetMap ........................ yes
    HERE ................................. yes
    Esri ................................. yes
    Mapbox ............................... yes
    MapboxGL ............................. yes
    Itemsoverlay ......................... yes
QtXmlPatterns:
  XML schema support ..................... yes
Qt Multimedia:
  ALSA ................................... yes
  GStreamer 1.0 .......................... yes
  GStreamer 0.10 ......................... no
  Video for Linux ........................ yes
  OpenAL ................................. yes
  PulseAudio ............................. yes
  Resource Policy (libresourceqt5) ....... no
  Windows Audio Services ................. no
  DirectShow ............................. no
  Windows Media Foundation ............... no
Qt TextToSpeech:
  Flite .................................. yes
  Flite with ALSA ........................ yes
  Speech Dispatcher ...................... yes
Qt Tools:
  Qt Assistant ........................... yes
  Qt Designer ............................ yes
  Qt Distance Field Generator ............ yes
  kmap2qmap .............................. yes
  Qt Linguist ............................ yes
  Mac Deployment Tool .................... no
  makeqpf ................................ yes
  pixeltool .............................. yes
  qdbus .................................. yes
  qev .................................... yes
  Qt Attributions Scanner ................ yes
  qtdiag ................................. yes
  qtpaths ................................ yes
  qtplugininfo ........................... yes
  Windows deployment tool ................ no
  WinRT Runner Tool ...................... no
Qt Tools:
  QDoc ................................... yes
Qt WebEngine Build Tools:
  Use System Ninja ....................... yes
  Jumbo Build Merge Limit ................ 8
  Developer build ........................ no
  Sanitizer .............................. no
  QtWebEngine required system libraries:
    fontconfig ........................... yes
    dbus ................................. yes
    nss .................................. yes
    khr .................................. yes
    glibc ................................ yes
  QtWebEngine required system libraries for qpa-xcb:
    x11 .................................. yes
    libdrm ............................... yes
    xcomposite ........................... yes
    xcursor .............................. yes
    xi ................................... yes
    xproto (glproto) ..................... yes
    xtst ................................. yes
    xkbfile .............................. yes
  Optional system libraries used:
    re2 .................................. no
    icu .................................. no
    libwebp, libwebpmux and libwebpdemux . yes
    opus ................................. no
    ffmpeg ............................... no
    libvpx ............................... no
    snappy ............................... no
    glib ................................. yes
    zlib ................................. yes
    minizip .............................. no
    libevent ............................. no
    libxml2 and libxslt .................. yes
    lcms2 ................................ yes
    png .................................. yes
    JPEG ................................. yes
    harfbuzz ............................. no
    freetype ............................. yes
Qt WebEngineCore:
  Embedded build ......................... no
  Full debug information ................. no
  Pepper Plugins ......................... yes
  Printing and PDF ....................... yes
  Proprietary Codecs ..................... no
  Spellchecker ........................... yes
  Native Spellchecker .................... no
  WebRTC ................................. yes
  PipeWire over GIO ...................... no
  Geolocation ............................ yes
  WebChannel support ..................... yes
  Kerberos Authentication ................ no
  Extensions ............................. yes
  Support qpa-xcb ........................ yes
  Use ALSA ............................... yes
  Use PulseAudio ......................... yes
Qt WebEngineQml:
  Support Qt WebEngine Qml ............... yes
  UI Delegates ........................... yes
  Test Support ........................... no
Qt WebEngineWidgets:
  Support Qt WebEngine Widgets ........... yes
Qt PDF:
  Support V8 ............................. no
  Support XFA ............................ no
  Support XFA-BMP ........................ no
  Support XFA-GIF ........................ no
  Support XFA-PNG ........................ no
  Support XFA-TIFF ....................... no
  Bitcode support ........................ no
  Use static runtime ..................... no
Qt PDF Widgets:
  Support Qt PDF Widgets ................. yes
